// Jest Snapshot v1, https://goo.gl/fbAQLP

exports[`can use angular material theme 1`] = `
":root {
  --color-primary-50: #e8eaf6;
  --color-primary-100: #c5cae9;
  --color-primary-200: #9fa8da;
  --color-primary-300: #7986cb;
  --color-primary-400: #5c6bc0;
  --color-primary-500: #3f51b5;
  --color-primary-600: #3949ab;
  --color-primary-700: #303f9f;
  --color-primary-800: #283593;
  --color-primary-900: #1a237e;
  --color-primary-A100: #8c9eff;
  --color-primary-A200: #536dfe;
  --color-primary-A400: #3d5afe;
  --color-primary-A700: #304ffe;
  --color-primary-contrast-50: rgba(0, 0, 0, 0.87);
  --color-primary-contrast-100: rgba(0, 0, 0, 0.87);
  --color-primary-contrast-200: rgba(0, 0, 0, 0.87);
  --color-primary-contrast-300: white;
  --color-primary-contrast-400: white;
  --color-primary-contrast-500: white;
  --color-primary-contrast-600: white;
  --color-primary-contrast-700: white;
  --color-primary-contrast-800: white;
  --color-primary-contrast-900: white;
  --color-primary-contrast-A100: rgba(0, 0, 0, 0.87);
  --color-primary-contrast-A200: white;
  --color-primary-contrast-A400: white;
  --color-primary-contrast-A700: white;
  --color-primary-default: #3f51b5;
  --color-primary-lighter: #c5cae9;
  --color-primary-darker: #303f9f;
  --color-primary-text: #3f51b5;
  --color-primary-default-contrast: white;
  --color-primary-lighter-contrast: rgba(0, 0, 0, 0.87);
  --color-primary-darker-contrast: white;
  --color-primary-50-contrast: rgba(0, 0, 0, 0.87);
  --color-primary-100-contrast: rgba(0, 0, 0, 0.87);
  --color-primary-200-contrast: rgba(0, 0, 0, 0.87);
  --color-primary-300-contrast: white;
  --color-primary-400-contrast: white;
  --color-primary-500-contrast: white;
  --color-primary-600-contrast: white;
  --color-primary-700-contrast: white;
  --color-primary-800-contrast: white;
  --color-primary-900-contrast: white;
  --color-primary-A100-contrast: rgba(0, 0, 0, 0.87);
  --color-primary-A200-contrast: white;
  --color-primary-A400-contrast: white;
  --color-primary-A700-contrast: white;
  --color-accent-50: #fce4ec;
  --color-accent-100: #f8bbd0;
  --color-accent-200: #f48fb1;
  --color-accent-300: #f06292;
  --color-accent-400: #ec407a;
  --color-accent-500: #e91e63;
  --color-accent-600: #d81b60;
  --color-accent-700: #c2185b;
  --color-accent-800: #ad1457;
  --color-accent-900: #880e4f;
  --color-accent-A100: #ff80ab;
  --color-accent-A200: #ff4081;
  --color-accent-A400: #f50057;
  --color-accent-A700: #c51162;
  --color-accent-contrast-50: rgba(0, 0, 0, 0.87);
  --color-accent-contrast-100: rgba(0, 0, 0, 0.87);
  --color-accent-contrast-200: rgba(0, 0, 0, 0.87);
  --color-accent-contrast-300: rgba(0, 0, 0, 0.87);
  --color-accent-contrast-400: rgba(0, 0, 0, 0.87);
  --color-accent-contrast-500: white;
  --color-accent-contrast-600: white;
  --color-accent-contrast-700: white;
  --color-accent-contrast-800: white;
  --color-accent-contrast-900: white;
  --color-accent-contrast-A100: rgba(0, 0, 0, 0.87);
  --color-accent-contrast-A200: white;
  --color-accent-contrast-A400: white;
  --color-accent-contrast-A700: white;
  --color-accent-default: #ff4081;
  --color-accent-lighter: #ff80ab;
  --color-accent-darker: #f50057;
  --color-accent-text: #ff4081;
  --color-accent-default-contrast: white;
  --color-accent-lighter-contrast: rgba(0, 0, 0, 0.87);
  --color-accent-darker-contrast: white;
  --color-accent-50-contrast: rgba(0, 0, 0, 0.87);
  --color-accent-100-contrast: rgba(0, 0, 0, 0.87);
  --color-accent-200-contrast: rgba(0, 0, 0, 0.87);
  --color-accent-300-contrast: rgba(0, 0, 0, 0.87);
  --color-accent-400-contrast: rgba(0, 0, 0, 0.87);
  --color-accent-500-contrast: white;
  --color-accent-600-contrast: white;
  --color-accent-700-contrast: white;
  --color-accent-800-contrast: white;
  --color-accent-900-contrast: white;
  --color-accent-A100-contrast: rgba(0, 0, 0, 0.87);
  --color-accent-A200-contrast: white;
  --color-accent-A400-contrast: white;
  --color-accent-A700-contrast: white;
  --color-warn-50: #ffebee;
  --color-warn-100: #ffcdd2;
  --color-warn-200: #ef9a9a;
  --color-warn-300: #e57373;
  --color-warn-400: #ef5350;
  --color-warn-500: #f44336;
  --color-warn-600: #e53935;
  --color-warn-700: #d32f2f;
  --color-warn-800: #c62828;
  --color-warn-900: #b71c1c;
  --color-warn-A100: #ff8a80;
  --color-warn-A200: #ff5252;
  --color-warn-A400: #ff1744;
  --color-warn-A700: #d50000;
  --color-warn-contrast-50: rgba(0, 0, 0, 0.87);
  --color-warn-contrast-100: rgba(0, 0, 0, 0.87);
  --color-warn-contrast-200: rgba(0, 0, 0, 0.87);
  --color-warn-contrast-300: rgba(0, 0, 0, 0.87);
  --color-warn-contrast-400: rgba(0, 0, 0, 0.87);
  --color-warn-contrast-500: white;
  --color-warn-contrast-600: white;
  --color-warn-contrast-700: white;
  --color-warn-contrast-800: white;
  --color-warn-contrast-900: white;
  --color-warn-contrast-A100: rgba(0, 0, 0, 0.87);
  --color-warn-contrast-A200: white;
  --color-warn-contrast-A400: white;
  --color-warn-contrast-A700: white;
  --color-warn-default: #f44336;
  --color-warn-lighter: #ffcdd2;
  --color-warn-darker: #d32f2f;
  --color-warn-text: #f44336;
  --color-warn-default-contrast: white;
  --color-warn-lighter-contrast: rgba(0, 0, 0, 0.87);
  --color-warn-darker-contrast: white;
  --color-warn-50-contrast: rgba(0, 0, 0, 0.87);
  --color-warn-100-contrast: rgba(0, 0, 0, 0.87);
  --color-warn-200-contrast: rgba(0, 0, 0, 0.87);
  --color-warn-300-contrast: rgba(0, 0, 0, 0.87);
  --color-warn-400-contrast: rgba(0, 0, 0, 0.87);
  --color-warn-500-contrast: white;
  --color-warn-600-contrast: white;
  --color-warn-700-contrast: white;
  --color-warn-800-contrast: white;
  --color-warn-900-contrast: white;
  --color-warn-A100-contrast: rgba(0, 0, 0, 0.87);
  --color-warn-A200-contrast: white;
  --color-warn-A400-contrast: white;
  --color-warn-A700-contrast: white;
  --color-foreground-base: black;
  --color-foreground-divider: rgba(0, 0, 0, 0.12);
  --color-foreground-dividers: rgba(0, 0, 0, 0.12);
  --color-foreground-disabled: rgba(0, 0, 0, 0.38);
  --color-foreground-disabled-button: rgba(0, 0, 0, 0.26);
  --color-foreground-disabled-text: rgba(0, 0, 0, 0.38);
  --color-foreground-elevation: black;
  --color-foreground-hint-text: rgba(0, 0, 0, 0.38);
  --color-foreground-secondary-text: rgba(0, 0, 0, 0.54);
  --color-foreground-icon: rgba(0, 0, 0, 0.54);
  --color-foreground-icons: rgba(0, 0, 0, 0.54);
  --color-foreground-text: rgba(0, 0, 0, 0.87);
  --color-foreground-slider-min: rgba(0, 0, 0, 0.87);
  --color-foreground-slider-off: rgba(0, 0, 0, 0.26);
  --color-foreground-slider-off-active: rgba(0, 0, 0, 0.38);
  --color-background-status-bar: #e0e0e0;
  --color-background-app-bar: #f5f5f5;
  --color-background-background: #fafafa;
  --color-background-hover: rgba(0, 0, 0, 0.04);
  --color-background-card: white;
  --color-background-dialog: white;
  --color-background-disabled-button: rgba(0, 0, 0, 0.12);
  --color-background-raised-button: white;
  --color-background-focused-button: rgba(0, 0, 0, 0.12);
  --color-background-selected-button: #e0e0e0;
  --color-background-selected-disabled-button: #bdbdbd;
  --color-background-disabled-button-toggle: #eeeeee;
  --color-background-unselected-chip: #e0e0e0;
  --color-background-disabled-list-option: #eeeeee;
  --color-background-tooltip: #616161;
  --primary-50: #e8eaf6;
  --primary-100: #c5cae9;
  --primary-200: #9fa8da;
  --primary-300: #7986cb;
  --primary-400: #5c6bc0;
  --primary-500: #3f51b5;
  --primary-600: #3949ab;
  --primary-700: #303f9f;
  --primary-800: #283593;
  --primary-900: #1a237e;
  --primary-A100: #8c9eff;
  --primary-A200: #536dfe;
  --primary-A400: #3d5afe;
  --primary-A700: #304ffe;
  --primary-contrast-50: rgba(0, 0, 0, 0.87);
  --primary-contrast-100: rgba(0, 0, 0, 0.87);
  --primary-contrast-200: rgba(0, 0, 0, 0.87);
  --primary-contrast-300: white;
  --primary-contrast-400: white;
  --primary-contrast-500: white;
  --primary-contrast-600: white;
  --primary-contrast-700: white;
  --primary-contrast-800: white;
  --primary-contrast-900: white;
  --primary-contrast-A100: rgba(0, 0, 0, 0.87);
  --primary-contrast-A200: white;
  --primary-contrast-A400: white;
  --primary-contrast-A700: white;
  --primary-default: #3f51b5;
  --primary-lighter: #c5cae9;
  --primary-darker: #303f9f;
  --primary-text: #3f51b5;
  --primary-default-contrast: white;
  --primary-lighter-contrast: rgba(0, 0, 0, 0.87);
  --primary-darker-contrast: white;
  --primary-50-contrast: rgba(0, 0, 0, 0.87);
  --primary-100-contrast: rgba(0, 0, 0, 0.87);
  --primary-200-contrast: rgba(0, 0, 0, 0.87);
  --primary-300-contrast: white;
  --primary-400-contrast: white;
  --primary-500-contrast: white;
  --primary-600-contrast: white;
  --primary-700-contrast: white;
  --primary-800-contrast: white;
  --primary-900-contrast: white;
  --primary-A100-contrast: rgba(0, 0, 0, 0.87);
  --primary-A200-contrast: white;
  --primary-A400-contrast: white;
  --primary-A700-contrast: white;
  --accent-50: #fce4ec;
  --accent-100: #f8bbd0;
  --accent-200: #f48fb1;
  --accent-300: #f06292;
  --accent-400: #ec407a;
  --accent-500: #e91e63;
  --accent-600: #d81b60;
  --accent-700: #c2185b;
  --accent-800: #ad1457;
  --accent-900: #880e4f;
  --accent-A100: #ff80ab;
  --accent-A200: #ff4081;
  --accent-A400: #f50057;
  --accent-A700: #c51162;
  --accent-contrast-50: rgba(0, 0, 0, 0.87);
  --accent-contrast-100: rgba(0, 0, 0, 0.87);
  --accent-contrast-200: rgba(0, 0, 0, 0.87);
  --accent-contrast-300: rgba(0, 0, 0, 0.87);
  --accent-contrast-400: rgba(0, 0, 0, 0.87);
  --accent-contrast-500: white;
  --accent-contrast-600: white;
  --accent-contrast-700: white;
  --accent-contrast-800: white;
  --accent-contrast-900: white;
  --accent-contrast-A100: rgba(0, 0, 0, 0.87);
  --accent-contrast-A200: white;
  --accent-contrast-A400: white;
  --accent-contrast-A700: white;
  --accent-default: #ff4081;
  --accent-lighter: #ff80ab;
  --accent-darker: #f50057;
  --accent-text: #ff4081;
  --accent-default-contrast: white;
  --accent-lighter-contrast: rgba(0, 0, 0, 0.87);
  --accent-darker-contrast: white;
  --accent-50-contrast: rgba(0, 0, 0, 0.87);
  --accent-100-contrast: rgba(0, 0, 0, 0.87);
  --accent-200-contrast: rgba(0, 0, 0, 0.87);
  --accent-300-contrast: rgba(0, 0, 0, 0.87);
  --accent-400-contrast: rgba(0, 0, 0, 0.87);
  --accent-500-contrast: white;
  --accent-600-contrast: white;
  --accent-700-contrast: white;
  --accent-800-contrast: white;
  --accent-900-contrast: white;
  --accent-A100-contrast: rgba(0, 0, 0, 0.87);
  --accent-A200-contrast: white;
  --accent-A400-contrast: white;
  --accent-A700-contrast: white;
  --warn-50: #ffebee;
  --warn-100: #ffcdd2;
  --warn-200: #ef9a9a;
  --warn-300: #e57373;
  --warn-400: #ef5350;
  --warn-500: #f44336;
  --warn-600: #e53935;
  --warn-700: #d32f2f;
  --warn-800: #c62828;
  --warn-900: #b71c1c;
  --warn-A100: #ff8a80;
  --warn-A200: #ff5252;
  --warn-A400: #ff1744;
  --warn-A700: #d50000;
  --warn-contrast-50: rgba(0, 0, 0, 0.87);
  --warn-contrast-100: rgba(0, 0, 0, 0.87);
  --warn-contrast-200: rgba(0, 0, 0, 0.87);
  --warn-contrast-300: rgba(0, 0, 0, 0.87);
  --warn-contrast-400: rgba(0, 0, 0, 0.87);
  --warn-contrast-500: white;
  --warn-contrast-600: white;
  --warn-contrast-700: white;
  --warn-contrast-800: white;
  --warn-contrast-900: white;
  --warn-contrast-A100: rgba(0, 0, 0, 0.87);
  --warn-contrast-A200: white;
  --warn-contrast-A400: white;
  --warn-contrast-A700: white;
  --warn-default: #f44336;
  --warn-lighter: #ffcdd2;
  --warn-darker: #d32f2f;
  --warn-text: #f44336;
  --warn-default-contrast: white;
  --warn-lighter-contrast: rgba(0, 0, 0, 0.87);
  --warn-darker-contrast: white;
  --warn-50-contrast: rgba(0, 0, 0, 0.87);
  --warn-100-contrast: rgba(0, 0, 0, 0.87);
  --warn-200-contrast: rgba(0, 0, 0, 0.87);
  --warn-300-contrast: rgba(0, 0, 0, 0.87);
  --warn-400-contrast: rgba(0, 0, 0, 0.87);
  --warn-500-contrast: white;
  --warn-600-contrast: white;
  --warn-700-contrast: white;
  --warn-800-contrast: white;
  --warn-900-contrast: white;
  --warn-A100-contrast: rgba(0, 0, 0, 0.87);
  --warn-A200-contrast: white;
  --warn-A400-contrast: white;
  --warn-A700-contrast: white;
  --foreground-base: black;
  --foreground-divider: rgba(0, 0, 0, 0.12);
  --foreground-dividers: rgba(0, 0, 0, 0.12);
  --foreground-disabled: rgba(0, 0, 0, 0.38);
  --foreground-disabled-button: rgba(0, 0, 0, 0.26);
  --foreground-disabled-text: rgba(0, 0, 0, 0.38);
  --foreground-elevation: black;
  --foreground-hint-text: rgba(0, 0, 0, 0.38);
  --foreground-secondary-text: rgba(0, 0, 0, 0.54);
  --foreground-icon: rgba(0, 0, 0, 0.54);
  --foreground-icons: rgba(0, 0, 0, 0.54);
  --foreground-text: rgba(0, 0, 0, 0.87);
  --foreground-slider-min: rgba(0, 0, 0, 0.87);
  --foreground-slider-off: rgba(0, 0, 0, 0.26);
  --foreground-slider-off-active: rgba(0, 0, 0, 0.38);
  --background-status-bar: #e0e0e0;
  --background-app-bar: #f5f5f5;
  --background-background: #fafafa;
  --background-hover: rgba(0, 0, 0, 0.04);
  --background-card: white;
  --background-dialog: white;
  --background-disabled-button: rgba(0, 0, 0, 0.12);
  --background-raised-button: white;
  --background-focused-button: rgba(0, 0, 0, 0.12);
  --background-selected-button: #e0e0e0;
  --background-selected-disabled-button: #bdbdbd;
  --background-disabled-button-toggle: #eeeeee;
  --background-unselected-chip: #e0e0e0;
  --background-disabled-list-option: #eeeeee;
  --background-tooltip: #616161;
}

body {
  color: var(--foreground-base, black);
  color: #3f51b5;
}"
`;

exports[`can use bootstrap colors 1`] = `
":root {
  --color-primary: #0d6efd;
  --color-secondary: #6c757d;
  --color-success: #198754;
  --color-info: #0dcaf0;
  --color-warning: #ffc107;
  --color-danger: #dc3545;
  --color-light: #f8f9fa;
  --color-dark: #212529;
}

body {
  color: var(--color-primary, #0d6efd);
  color: #6c757d;
}"
`;

exports[`can use style dictionary map 1`] = `
":root {
  --color-base-gray-light: #cccccc;
  --color-base-gray-medium: #999999;
  --color-base-gray-dark: #111111;
  --color-base-red: #ff0000;
  --color-base-green: #00ff00;
  --color-font-base: #ff0000;
  --color-font-secondary: #00ff00;
  --color-font-tertiary: #cccccc;
  --size-font-small: 0.75rem;
  --size-font-small--em: 0.75;
  --size-font-medium: 1rem;
  --size-font-medium--em: 1;
  --size-font-large: 2rem;
  --size-font-large--em: 2;
  --size-font-base: 1rem;
  --size-font-base--em: 1;
}

.test {
  color: #ff0000;
  color: var(--color-font-secondary, #00ff00);
  color: color-mix(in srgb, var(--color-base-green, #00ff00) 20%, transparent);
  color: rgba(255, 0, 0, 0.2);
  font-size: var(--size-font-base, 1rem);
  font-size: 2rem;
  font-size: calc(var(--size-font-small--em, 0.75) * 1rem);
  font-size: 1rem;
  font-size: calc(var(--size-font-small--em, 0.75) * 1em);
  font-size: 1em;
  font-size: calc(var(--size-font-small--em, 0.75) * 100%);
  font-size: 100%;
}"
`;
