// Jest Snapshot v1, https://goo.gl/fbAQLP

exports[`can use angular material theme 1`] = `
":root {
  --color-primary-50: #e8eaf6;
  --color-primary-50--rgb: "232,234,246";
  --color-primary-100: #c5cae9;
  --color-primary-100--rgb: "197,202,233";
  --color-primary-200: #9fa8da;
  --color-primary-200--rgb: "159,168,218";
  --color-primary-300: #7986cb;
  --color-primary-300--rgb: "121,134,203";
  --color-primary-400: #5c6bc0;
  --color-primary-400--rgb: "92,107,192";
  --color-primary-500: #3f51b5;
  --color-primary-500--rgb: "63,81,181";
  --color-primary-600: #3949ab;
  --color-primary-600--rgb: "57,73,171";
  --color-primary-700: #303f9f;
  --color-primary-700--rgb: "48,63,159";
  --color-primary-800: #283593;
  --color-primary-800--rgb: "40,53,147";
  --color-primary-900: #1a237e;
  --color-primary-900--rgb: "26,35,126";
  --color-primary-A100: #8c9eff;
  --color-primary-A100--rgb: "140,158,255";
  --color-primary-A200: #536dfe;
  --color-primary-A200--rgb: "83,109,254";
  --color-primary-A400: #3d5afe;
  --color-primary-A400--rgb: "61,90,254";
  --color-primary-A700: #304ffe;
  --color-primary-A700--rgb: "48,79,254";
  --color-primary-contrast-50: rgba(0, 0, 0, 0.87);
  --color-primary-contrast-50--rgb: "0,0,0";
  --color-primary-contrast-100: rgba(0, 0, 0, 0.87);
  --color-primary-contrast-100--rgb: "0,0,0";
  --color-primary-contrast-200: rgba(0, 0, 0, 0.87);
  --color-primary-contrast-200--rgb: "0,0,0";
  --color-primary-contrast-300: white;
  --color-primary-contrast-300--rgb: "255,255,255";
  --color-primary-contrast-400: white;
  --color-primary-contrast-400--rgb: "255,255,255";
  --color-primary-contrast-500: white;
  --color-primary-contrast-500--rgb: "255,255,255";
  --color-primary-contrast-600: white;
  --color-primary-contrast-600--rgb: "255,255,255";
  --color-primary-contrast-700: white;
  --color-primary-contrast-700--rgb: "255,255,255";
  --color-primary-contrast-800: white;
  --color-primary-contrast-800--rgb: "255,255,255";
  --color-primary-contrast-900: white;
  --color-primary-contrast-900--rgb: "255,255,255";
  --color-primary-contrast-A100: rgba(0, 0, 0, 0.87);
  --color-primary-contrast-A100--rgb: "0,0,0";
  --color-primary-contrast-A200: white;
  --color-primary-contrast-A200--rgb: "255,255,255";
  --color-primary-contrast-A400: white;
  --color-primary-contrast-A400--rgb: "255,255,255";
  --color-primary-contrast-A700: white;
  --color-primary-contrast-A700--rgb: "255,255,255";
  --color-primary-default: #3f51b5;
  --color-primary-default--rgb: "63,81,181";
  --color-primary-lighter: #c5cae9;
  --color-primary-lighter--rgb: "197,202,233";
  --color-primary-darker: #303f9f;
  --color-primary-darker--rgb: "48,63,159";
  --color-primary-text: #3f51b5;
  --color-primary-text--rgb: "63,81,181";
  --color-primary-default-contrast: white;
  --color-primary-default-contrast--rgb: "255,255,255";
  --color-primary-lighter-contrast: rgba(0, 0, 0, 0.87);
  --color-primary-lighter-contrast--rgb: "0,0,0";
  --color-primary-darker-contrast: white;
  --color-primary-darker-contrast--rgb: "255,255,255";
  --color-primary-50-contrast: rgba(0, 0, 0, 0.87);
  --color-primary-50-contrast--rgb: "0,0,0";
  --color-primary-100-contrast: rgba(0, 0, 0, 0.87);
  --color-primary-100-contrast--rgb: "0,0,0";
  --color-primary-200-contrast: rgba(0, 0, 0, 0.87);
  --color-primary-200-contrast--rgb: "0,0,0";
  --color-primary-300-contrast: white;
  --color-primary-300-contrast--rgb: "255,255,255";
  --color-primary-400-contrast: white;
  --color-primary-400-contrast--rgb: "255,255,255";
  --color-primary-500-contrast: white;
  --color-primary-500-contrast--rgb: "255,255,255";
  --color-primary-600-contrast: white;
  --color-primary-600-contrast--rgb: "255,255,255";
  --color-primary-700-contrast: white;
  --color-primary-700-contrast--rgb: "255,255,255";
  --color-primary-800-contrast: white;
  --color-primary-800-contrast--rgb: "255,255,255";
  --color-primary-900-contrast: white;
  --color-primary-900-contrast--rgb: "255,255,255";
  --color-primary-A100-contrast: rgba(0, 0, 0, 0.87);
  --color-primary-A100-contrast--rgb: "0,0,0";
  --color-primary-A200-contrast: white;
  --color-primary-A200-contrast--rgb: "255,255,255";
  --color-primary-A400-contrast: white;
  --color-primary-A400-contrast--rgb: "255,255,255";
  --color-primary-A700-contrast: white;
  --color-primary-A700-contrast--rgb: "255,255,255";
  --color-accent-50: #fce4ec;
  --color-accent-50--rgb: "252,228,236";
  --color-accent-100: #f8bbd0;
  --color-accent-100--rgb: "248,187,208";
  --color-accent-200: #f48fb1;
  --color-accent-200--rgb: "244,143,177";
  --color-accent-300: #f06292;
  --color-accent-300--rgb: "240,98,146";
  --color-accent-400: #ec407a;
  --color-accent-400--rgb: "236,64,122";
  --color-accent-500: #e91e63;
  --color-accent-500--rgb: "233,30,99";
  --color-accent-600: #d81b60;
  --color-accent-600--rgb: "216,27,96";
  --color-accent-700: #c2185b;
  --color-accent-700--rgb: "194,24,91";
  --color-accent-800: #ad1457;
  --color-accent-800--rgb: "173,20,87";
  --color-accent-900: #880e4f;
  --color-accent-900--rgb: "136,14,79";
  --color-accent-A100: #ff80ab;
  --color-accent-A100--rgb: "255,128,171";
  --color-accent-A200: #ff4081;
  --color-accent-A200--rgb: "255,64,129";
  --color-accent-A400: #f50057;
  --color-accent-A400--rgb: "245,0,87";
  --color-accent-A700: #c51162;
  --color-accent-A700--rgb: "197,17,98";
  --color-accent-contrast-50: rgba(0, 0, 0, 0.87);
  --color-accent-contrast-50--rgb: "0,0,0";
  --color-accent-contrast-100: rgba(0, 0, 0, 0.87);
  --color-accent-contrast-100--rgb: "0,0,0";
  --color-accent-contrast-200: rgba(0, 0, 0, 0.87);
  --color-accent-contrast-200--rgb: "0,0,0";
  --color-accent-contrast-300: rgba(0, 0, 0, 0.87);
  --color-accent-contrast-300--rgb: "0,0,0";
  --color-accent-contrast-400: rgba(0, 0, 0, 0.87);
  --color-accent-contrast-400--rgb: "0,0,0";
  --color-accent-contrast-500: white;
  --color-accent-contrast-500--rgb: "255,255,255";
  --color-accent-contrast-600: white;
  --color-accent-contrast-600--rgb: "255,255,255";
  --color-accent-contrast-700: white;
  --color-accent-contrast-700--rgb: "255,255,255";
  --color-accent-contrast-800: white;
  --color-accent-contrast-800--rgb: "255,255,255";
  --color-accent-contrast-900: white;
  --color-accent-contrast-900--rgb: "255,255,255";
  --color-accent-contrast-A100: rgba(0, 0, 0, 0.87);
  --color-accent-contrast-A100--rgb: "0,0,0";
  --color-accent-contrast-A200: white;
  --color-accent-contrast-A200--rgb: "255,255,255";
  --color-accent-contrast-A400: white;
  --color-accent-contrast-A400--rgb: "255,255,255";
  --color-accent-contrast-A700: white;
  --color-accent-contrast-A700--rgb: "255,255,255";
  --color-accent-default: #ff4081;
  --color-accent-default--rgb: "255,64,129";
  --color-accent-lighter: #ff80ab;
  --color-accent-lighter--rgb: "255,128,171";
  --color-accent-darker: #f50057;
  --color-accent-darker--rgb: "245,0,87";
  --color-accent-text: #ff4081;
  --color-accent-text--rgb: "255,64,129";
  --color-accent-default-contrast: white;
  --color-accent-default-contrast--rgb: "255,255,255";
  --color-accent-lighter-contrast: rgba(0, 0, 0, 0.87);
  --color-accent-lighter-contrast--rgb: "0,0,0";
  --color-accent-darker-contrast: white;
  --color-accent-darker-contrast--rgb: "255,255,255";
  --color-accent-50-contrast: rgba(0, 0, 0, 0.87);
  --color-accent-50-contrast--rgb: "0,0,0";
  --color-accent-100-contrast: rgba(0, 0, 0, 0.87);
  --color-accent-100-contrast--rgb: "0,0,0";
  --color-accent-200-contrast: rgba(0, 0, 0, 0.87);
  --color-accent-200-contrast--rgb: "0,0,0";
  --color-accent-300-contrast: rgba(0, 0, 0, 0.87);
  --color-accent-300-contrast--rgb: "0,0,0";
  --color-accent-400-contrast: rgba(0, 0, 0, 0.87);
  --color-accent-400-contrast--rgb: "0,0,0";
  --color-accent-500-contrast: white;
  --color-accent-500-contrast--rgb: "255,255,255";
  --color-accent-600-contrast: white;
  --color-accent-600-contrast--rgb: "255,255,255";
  --color-accent-700-contrast: white;
  --color-accent-700-contrast--rgb: "255,255,255";
  --color-accent-800-contrast: white;
  --color-accent-800-contrast--rgb: "255,255,255";
  --color-accent-900-contrast: white;
  --color-accent-900-contrast--rgb: "255,255,255";
  --color-accent-A100-contrast: rgba(0, 0, 0, 0.87);
  --color-accent-A100-contrast--rgb: "0,0,0";
  --color-accent-A200-contrast: white;
  --color-accent-A200-contrast--rgb: "255,255,255";
  --color-accent-A400-contrast: white;
  --color-accent-A400-contrast--rgb: "255,255,255";
  --color-accent-A700-contrast: white;
  --color-accent-A700-contrast--rgb: "255,255,255";
  --color-warn-50: #ffebee;
  --color-warn-50--rgb: "255,235,238";
  --color-warn-100: #ffcdd2;
  --color-warn-100--rgb: "255,205,210";
  --color-warn-200: #ef9a9a;
  --color-warn-200--rgb: "239,154,154";
  --color-warn-300: #e57373;
  --color-warn-300--rgb: "229,115,115";
  --color-warn-400: #ef5350;
  --color-warn-400--rgb: "239,83,80";
  --color-warn-500: #f44336;
  --color-warn-500--rgb: "244,67,54";
  --color-warn-600: #e53935;
  --color-warn-600--rgb: "229,57,53";
  --color-warn-700: #d32f2f;
  --color-warn-700--rgb: "211,47,47";
  --color-warn-800: #c62828;
  --color-warn-800--rgb: "198,40,40";
  --color-warn-900: #b71c1c;
  --color-warn-900--rgb: "183,28,28";
  --color-warn-A100: #ff8a80;
  --color-warn-A100--rgb: "255,138,128";
  --color-warn-A200: #ff5252;
  --color-warn-A200--rgb: "255,82,82";
  --color-warn-A400: #ff1744;
  --color-warn-A400--rgb: "255,23,68";
  --color-warn-A700: #d50000;
  --color-warn-A700--rgb: "213,0,0";
  --color-warn-contrast-50: rgba(0, 0, 0, 0.87);
  --color-warn-contrast-50--rgb: "0,0,0";
  --color-warn-contrast-100: rgba(0, 0, 0, 0.87);
  --color-warn-contrast-100--rgb: "0,0,0";
  --color-warn-contrast-200: rgba(0, 0, 0, 0.87);
  --color-warn-contrast-200--rgb: "0,0,0";
  --color-warn-contrast-300: rgba(0, 0, 0, 0.87);
  --color-warn-contrast-300--rgb: "0,0,0";
  --color-warn-contrast-400: rgba(0, 0, 0, 0.87);
  --color-warn-contrast-400--rgb: "0,0,0";
  --color-warn-contrast-500: white;
  --color-warn-contrast-500--rgb: "255,255,255";
  --color-warn-contrast-600: white;
  --color-warn-contrast-600--rgb: "255,255,255";
  --color-warn-contrast-700: white;
  --color-warn-contrast-700--rgb: "255,255,255";
  --color-warn-contrast-800: white;
  --color-warn-contrast-800--rgb: "255,255,255";
  --color-warn-contrast-900: white;
  --color-warn-contrast-900--rgb: "255,255,255";
  --color-warn-contrast-A100: rgba(0, 0, 0, 0.87);
  --color-warn-contrast-A100--rgb: "0,0,0";
  --color-warn-contrast-A200: white;
  --color-warn-contrast-A200--rgb: "255,255,255";
  --color-warn-contrast-A400: white;
  --color-warn-contrast-A400--rgb: "255,255,255";
  --color-warn-contrast-A700: white;
  --color-warn-contrast-A700--rgb: "255,255,255";
  --color-warn-default: #f44336;
  --color-warn-default--rgb: "244,67,54";
  --color-warn-lighter: #ffcdd2;
  --color-warn-lighter--rgb: "255,205,210";
  --color-warn-darker: #d32f2f;
  --color-warn-darker--rgb: "211,47,47";
  --color-warn-text: #f44336;
  --color-warn-text--rgb: "244,67,54";
  --color-warn-default-contrast: white;
  --color-warn-default-contrast--rgb: "255,255,255";
  --color-warn-lighter-contrast: rgba(0, 0, 0, 0.87);
  --color-warn-lighter-contrast--rgb: "0,0,0";
  --color-warn-darker-contrast: white;
  --color-warn-darker-contrast--rgb: "255,255,255";
  --color-warn-50-contrast: rgba(0, 0, 0, 0.87);
  --color-warn-50-contrast--rgb: "0,0,0";
  --color-warn-100-contrast: rgba(0, 0, 0, 0.87);
  --color-warn-100-contrast--rgb: "0,0,0";
  --color-warn-200-contrast: rgba(0, 0, 0, 0.87);
  --color-warn-200-contrast--rgb: "0,0,0";
  --color-warn-300-contrast: rgba(0, 0, 0, 0.87);
  --color-warn-300-contrast--rgb: "0,0,0";
  --color-warn-400-contrast: rgba(0, 0, 0, 0.87);
  --color-warn-400-contrast--rgb: "0,0,0";
  --color-warn-500-contrast: white;
  --color-warn-500-contrast--rgb: "255,255,255";
  --color-warn-600-contrast: white;
  --color-warn-600-contrast--rgb: "255,255,255";
  --color-warn-700-contrast: white;
  --color-warn-700-contrast--rgb: "255,255,255";
  --color-warn-800-contrast: white;
  --color-warn-800-contrast--rgb: "255,255,255";
  --color-warn-900-contrast: white;
  --color-warn-900-contrast--rgb: "255,255,255";
  --color-warn-A100-contrast: rgba(0, 0, 0, 0.87);
  --color-warn-A100-contrast--rgb: "0,0,0";
  --color-warn-A200-contrast: white;
  --color-warn-A200-contrast--rgb: "255,255,255";
  --color-warn-A400-contrast: white;
  --color-warn-A400-contrast--rgb: "255,255,255";
  --color-warn-A700-contrast: white;
  --color-warn-A700-contrast--rgb: "255,255,255";
  --color-foreground-base: black;
  --color-foreground-base--rgb: "0,0,0";
  --color-foreground-divider: rgba(0, 0, 0, 0.12);
  --color-foreground-divider--rgb: "0,0,0";
  --color-foreground-dividers: rgba(0, 0, 0, 0.12);
  --color-foreground-dividers--rgb: "0,0,0";
  --color-foreground-disabled: rgba(0, 0, 0, 0.38);
  --color-foreground-disabled--rgb: "0,0,0";
  --color-foreground-disabled-button: rgba(0, 0, 0, 0.26);
  --color-foreground-disabled-button--rgb: "0,0,0";
  --color-foreground-disabled-text: rgba(0, 0, 0, 0.38);
  --color-foreground-disabled-text--rgb: "0,0,0";
  --color-foreground-elevation: black;
  --color-foreground-elevation--rgb: "0,0,0";
  --color-foreground-hint-text: rgba(0, 0, 0, 0.38);
  --color-foreground-hint-text--rgb: "0,0,0";
  --color-foreground-secondary-text: rgba(0, 0, 0, 0.54);
  --color-foreground-secondary-text--rgb: "0,0,0";
  --color-foreground-icon: rgba(0, 0, 0, 0.54);
  --color-foreground-icon--rgb: "0,0,0";
  --color-foreground-icons: rgba(0, 0, 0, 0.54);
  --color-foreground-icons--rgb: "0,0,0";
  --color-foreground-text: rgba(0, 0, 0, 0.87);
  --color-foreground-text--rgb: "0,0,0";
  --color-foreground-slider-min: rgba(0, 0, 0, 0.87);
  --color-foreground-slider-min--rgb: "0,0,0";
  --color-foreground-slider-off: rgba(0, 0, 0, 0.26);
  --color-foreground-slider-off--rgb: "0,0,0";
  --color-foreground-slider-off-active: rgba(0, 0, 0, 0.38);
  --color-foreground-slider-off-active--rgb: "0,0,0";
  --color-background-status-bar: #e0e0e0;
  --color-background-status-bar--rgb: "224,224,224";
  --color-background-app-bar: #f5f5f5;
  --color-background-app-bar--rgb: "245,245,245";
  --color-background-background: #fafafa;
  --color-background-background--rgb: "250,250,250";
  --color-background-hover: rgba(0, 0, 0, 0.04);
  --color-background-hover--rgb: "0,0,0";
  --color-background-card: white;
  --color-background-card--rgb: "255,255,255";
  --color-background-dialog: white;
  --color-background-dialog--rgb: "255,255,255";
  --color-background-disabled-button: rgba(0, 0, 0, 0.12);
  --color-background-disabled-button--rgb: "0,0,0";
  --color-background-raised-button: white;
  --color-background-raised-button--rgb: "255,255,255";
  --color-background-focused-button: rgba(0, 0, 0, 0.12);
  --color-background-focused-button--rgb: "0,0,0";
  --color-background-selected-button: #e0e0e0;
  --color-background-selected-button--rgb: "224,224,224";
  --color-background-selected-disabled-button: #bdbdbd;
  --color-background-selected-disabled-button--rgb: "189,189,189";
  --color-background-disabled-button-toggle: #eeeeee;
  --color-background-disabled-button-toggle--rgb: "238,238,238";
  --color-background-unselected-chip: #e0e0e0;
  --color-background-unselected-chip--rgb: "224,224,224";
  --color-background-disabled-list-option: #eeeeee;
  --color-background-disabled-list-option--rgb: "238,238,238";
  --color-background-tooltip: #616161;
  --color-background-tooltip--rgb: "97,97,97";
  --primary-50: #e8eaf6;
  --primary-50--rgb: "232,234,246";
  --primary-100: #c5cae9;
  --primary-100--rgb: "197,202,233";
  --primary-200: #9fa8da;
  --primary-200--rgb: "159,168,218";
  --primary-300: #7986cb;
  --primary-300--rgb: "121,134,203";
  --primary-400: #5c6bc0;
  --primary-400--rgb: "92,107,192";
  --primary-500: #3f51b5;
  --primary-500--rgb: "63,81,181";
  --primary-600: #3949ab;
  --primary-600--rgb: "57,73,171";
  --primary-700: #303f9f;
  --primary-700--rgb: "48,63,159";
  --primary-800: #283593;
  --primary-800--rgb: "40,53,147";
  --primary-900: #1a237e;
  --primary-900--rgb: "26,35,126";
  --primary-A100: #8c9eff;
  --primary-A100--rgb: "140,158,255";
  --primary-A200: #536dfe;
  --primary-A200--rgb: "83,109,254";
  --primary-A400: #3d5afe;
  --primary-A400--rgb: "61,90,254";
  --primary-A700: #304ffe;
  --primary-A700--rgb: "48,79,254";
  --primary-contrast-50: rgba(0, 0, 0, 0.87);
  --primary-contrast-50--rgb: "0,0,0";
  --primary-contrast-100: rgba(0, 0, 0, 0.87);
  --primary-contrast-100--rgb: "0,0,0";
  --primary-contrast-200: rgba(0, 0, 0, 0.87);
  --primary-contrast-200--rgb: "0,0,0";
  --primary-contrast-300: white;
  --primary-contrast-300--rgb: "255,255,255";
  --primary-contrast-400: white;
  --primary-contrast-400--rgb: "255,255,255";
  --primary-contrast-500: white;
  --primary-contrast-500--rgb: "255,255,255";
  --primary-contrast-600: white;
  --primary-contrast-600--rgb: "255,255,255";
  --primary-contrast-700: white;
  --primary-contrast-700--rgb: "255,255,255";
  --primary-contrast-800: white;
  --primary-contrast-800--rgb: "255,255,255";
  --primary-contrast-900: white;
  --primary-contrast-900--rgb: "255,255,255";
  --primary-contrast-A100: rgba(0, 0, 0, 0.87);
  --primary-contrast-A100--rgb: "0,0,0";
  --primary-contrast-A200: white;
  --primary-contrast-A200--rgb: "255,255,255";
  --primary-contrast-A400: white;
  --primary-contrast-A400--rgb: "255,255,255";
  --primary-contrast-A700: white;
  --primary-contrast-A700--rgb: "255,255,255";
  --primary-default: #3f51b5;
  --primary-default--rgb: "63,81,181";
  --primary-lighter: #c5cae9;
  --primary-lighter--rgb: "197,202,233";
  --primary-darker: #303f9f;
  --primary-darker--rgb: "48,63,159";
  --primary-text: #3f51b5;
  --primary-text--rgb: "63,81,181";
  --primary-default-contrast: white;
  --primary-default-contrast--rgb: "255,255,255";
  --primary-lighter-contrast: rgba(0, 0, 0, 0.87);
  --primary-lighter-contrast--rgb: "0,0,0";
  --primary-darker-contrast: white;
  --primary-darker-contrast--rgb: "255,255,255";
  --primary-50-contrast: rgba(0, 0, 0, 0.87);
  --primary-50-contrast--rgb: "0,0,0";
  --primary-100-contrast: rgba(0, 0, 0, 0.87);
  --primary-100-contrast--rgb: "0,0,0";
  --primary-200-contrast: rgba(0, 0, 0, 0.87);
  --primary-200-contrast--rgb: "0,0,0";
  --primary-300-contrast: white;
  --primary-300-contrast--rgb: "255,255,255";
  --primary-400-contrast: white;
  --primary-400-contrast--rgb: "255,255,255";
  --primary-500-contrast: white;
  --primary-500-contrast--rgb: "255,255,255";
  --primary-600-contrast: white;
  --primary-600-contrast--rgb: "255,255,255";
  --primary-700-contrast: white;
  --primary-700-contrast--rgb: "255,255,255";
  --primary-800-contrast: white;
  --primary-800-contrast--rgb: "255,255,255";
  --primary-900-contrast: white;
  --primary-900-contrast--rgb: "255,255,255";
  --primary-A100-contrast: rgba(0, 0, 0, 0.87);
  --primary-A100-contrast--rgb: "0,0,0";
  --primary-A200-contrast: white;
  --primary-A200-contrast--rgb: "255,255,255";
  --primary-A400-contrast: white;
  --primary-A400-contrast--rgb: "255,255,255";
  --primary-A700-contrast: white;
  --primary-A700-contrast--rgb: "255,255,255";
  --accent-50: #fce4ec;
  --accent-50--rgb: "252,228,236";
  --accent-100: #f8bbd0;
  --accent-100--rgb: "248,187,208";
  --accent-200: #f48fb1;
  --accent-200--rgb: "244,143,177";
  --accent-300: #f06292;
  --accent-300--rgb: "240,98,146";
  --accent-400: #ec407a;
  --accent-400--rgb: "236,64,122";
  --accent-500: #e91e63;
  --accent-500--rgb: "233,30,99";
  --accent-600: #d81b60;
  --accent-600--rgb: "216,27,96";
  --accent-700: #c2185b;
  --accent-700--rgb: "194,24,91";
  --accent-800: #ad1457;
  --accent-800--rgb: "173,20,87";
  --accent-900: #880e4f;
  --accent-900--rgb: "136,14,79";
  --accent-A100: #ff80ab;
  --accent-A100--rgb: "255,128,171";
  --accent-A200: #ff4081;
  --accent-A200--rgb: "255,64,129";
  --accent-A400: #f50057;
  --accent-A400--rgb: "245,0,87";
  --accent-A700: #c51162;
  --accent-A700--rgb: "197,17,98";
  --accent-contrast-50: rgba(0, 0, 0, 0.87);
  --accent-contrast-50--rgb: "0,0,0";
  --accent-contrast-100: rgba(0, 0, 0, 0.87);
  --accent-contrast-100--rgb: "0,0,0";
  --accent-contrast-200: rgba(0, 0, 0, 0.87);
  --accent-contrast-200--rgb: "0,0,0";
  --accent-contrast-300: rgba(0, 0, 0, 0.87);
  --accent-contrast-300--rgb: "0,0,0";
  --accent-contrast-400: rgba(0, 0, 0, 0.87);
  --accent-contrast-400--rgb: "0,0,0";
  --accent-contrast-500: white;
  --accent-contrast-500--rgb: "255,255,255";
  --accent-contrast-600: white;
  --accent-contrast-600--rgb: "255,255,255";
  --accent-contrast-700: white;
  --accent-contrast-700--rgb: "255,255,255";
  --accent-contrast-800: white;
  --accent-contrast-800--rgb: "255,255,255";
  --accent-contrast-900: white;
  --accent-contrast-900--rgb: "255,255,255";
  --accent-contrast-A100: rgba(0, 0, 0, 0.87);
  --accent-contrast-A100--rgb: "0,0,0";
  --accent-contrast-A200: white;
  --accent-contrast-A200--rgb: "255,255,255";
  --accent-contrast-A400: white;
  --accent-contrast-A400--rgb: "255,255,255";
  --accent-contrast-A700: white;
  --accent-contrast-A700--rgb: "255,255,255";
  --accent-default: #ff4081;
  --accent-default--rgb: "255,64,129";
  --accent-lighter: #ff80ab;
  --accent-lighter--rgb: "255,128,171";
  --accent-darker: #f50057;
  --accent-darker--rgb: "245,0,87";
  --accent-text: #ff4081;
  --accent-text--rgb: "255,64,129";
  --accent-default-contrast: white;
  --accent-default-contrast--rgb: "255,255,255";
  --accent-lighter-contrast: rgba(0, 0, 0, 0.87);
  --accent-lighter-contrast--rgb: "0,0,0";
  --accent-darker-contrast: white;
  --accent-darker-contrast--rgb: "255,255,255";
  --accent-50-contrast: rgba(0, 0, 0, 0.87);
  --accent-50-contrast--rgb: "0,0,0";
  --accent-100-contrast: rgba(0, 0, 0, 0.87);
  --accent-100-contrast--rgb: "0,0,0";
  --accent-200-contrast: rgba(0, 0, 0, 0.87);
  --accent-200-contrast--rgb: "0,0,0";
  --accent-300-contrast: rgba(0, 0, 0, 0.87);
  --accent-300-contrast--rgb: "0,0,0";
  --accent-400-contrast: rgba(0, 0, 0, 0.87);
  --accent-400-contrast--rgb: "0,0,0";
  --accent-500-contrast: white;
  --accent-500-contrast--rgb: "255,255,255";
  --accent-600-contrast: white;
  --accent-600-contrast--rgb: "255,255,255";
  --accent-700-contrast: white;
  --accent-700-contrast--rgb: "255,255,255";
  --accent-800-contrast: white;
  --accent-800-contrast--rgb: "255,255,255";
  --accent-900-contrast: white;
  --accent-900-contrast--rgb: "255,255,255";
  --accent-A100-contrast: rgba(0, 0, 0, 0.87);
  --accent-A100-contrast--rgb: "0,0,0";
  --accent-A200-contrast: white;
  --accent-A200-contrast--rgb: "255,255,255";
  --accent-A400-contrast: white;
  --accent-A400-contrast--rgb: "255,255,255";
  --accent-A700-contrast: white;
  --accent-A700-contrast--rgb: "255,255,255";
  --warn-50: #ffebee;
  --warn-50--rgb: "255,235,238";
  --warn-100: #ffcdd2;
  --warn-100--rgb: "255,205,210";
  --warn-200: #ef9a9a;
  --warn-200--rgb: "239,154,154";
  --warn-300: #e57373;
  --warn-300--rgb: "229,115,115";
  --warn-400: #ef5350;
  --warn-400--rgb: "239,83,80";
  --warn-500: #f44336;
  --warn-500--rgb: "244,67,54";
  --warn-600: #e53935;
  --warn-600--rgb: "229,57,53";
  --warn-700: #d32f2f;
  --warn-700--rgb: "211,47,47";
  --warn-800: #c62828;
  --warn-800--rgb: "198,40,40";
  --warn-900: #b71c1c;
  --warn-900--rgb: "183,28,28";
  --warn-A100: #ff8a80;
  --warn-A100--rgb: "255,138,128";
  --warn-A200: #ff5252;
  --warn-A200--rgb: "255,82,82";
  --warn-A400: #ff1744;
  --warn-A400--rgb: "255,23,68";
  --warn-A700: #d50000;
  --warn-A700--rgb: "213,0,0";
  --warn-contrast-50: rgba(0, 0, 0, 0.87);
  --warn-contrast-50--rgb: "0,0,0";
  --warn-contrast-100: rgba(0, 0, 0, 0.87);
  --warn-contrast-100--rgb: "0,0,0";
  --warn-contrast-200: rgba(0, 0, 0, 0.87);
  --warn-contrast-200--rgb: "0,0,0";
  --warn-contrast-300: rgba(0, 0, 0, 0.87);
  --warn-contrast-300--rgb: "0,0,0";
  --warn-contrast-400: rgba(0, 0, 0, 0.87);
  --warn-contrast-400--rgb: "0,0,0";
  --warn-contrast-500: white;
  --warn-contrast-500--rgb: "255,255,255";
  --warn-contrast-600: white;
  --warn-contrast-600--rgb: "255,255,255";
  --warn-contrast-700: white;
  --warn-contrast-700--rgb: "255,255,255";
  --warn-contrast-800: white;
  --warn-contrast-800--rgb: "255,255,255";
  --warn-contrast-900: white;
  --warn-contrast-900--rgb: "255,255,255";
  --warn-contrast-A100: rgba(0, 0, 0, 0.87);
  --warn-contrast-A100--rgb: "0,0,0";
  --warn-contrast-A200: white;
  --warn-contrast-A200--rgb: "255,255,255";
  --warn-contrast-A400: white;
  --warn-contrast-A400--rgb: "255,255,255";
  --warn-contrast-A700: white;
  --warn-contrast-A700--rgb: "255,255,255";
  --warn-default: #f44336;
  --warn-default--rgb: "244,67,54";
  --warn-lighter: #ffcdd2;
  --warn-lighter--rgb: "255,205,210";
  --warn-darker: #d32f2f;
  --warn-darker--rgb: "211,47,47";
  --warn-text: #f44336;
  --warn-text--rgb: "244,67,54";
  --warn-default-contrast: white;
  --warn-default-contrast--rgb: "255,255,255";
  --warn-lighter-contrast: rgba(0, 0, 0, 0.87);
  --warn-lighter-contrast--rgb: "0,0,0";
  --warn-darker-contrast: white;
  --warn-darker-contrast--rgb: "255,255,255";
  --warn-50-contrast: rgba(0, 0, 0, 0.87);
  --warn-50-contrast--rgb: "0,0,0";
  --warn-100-contrast: rgba(0, 0, 0, 0.87);
  --warn-100-contrast--rgb: "0,0,0";
  --warn-200-contrast: rgba(0, 0, 0, 0.87);
  --warn-200-contrast--rgb: "0,0,0";
  --warn-300-contrast: rgba(0, 0, 0, 0.87);
  --warn-300-contrast--rgb: "0,0,0";
  --warn-400-contrast: rgba(0, 0, 0, 0.87);
  --warn-400-contrast--rgb: "0,0,0";
  --warn-500-contrast: white;
  --warn-500-contrast--rgb: "255,255,255";
  --warn-600-contrast: white;
  --warn-600-contrast--rgb: "255,255,255";
  --warn-700-contrast: white;
  --warn-700-contrast--rgb: "255,255,255";
  --warn-800-contrast: white;
  --warn-800-contrast--rgb: "255,255,255";
  --warn-900-contrast: white;
  --warn-900-contrast--rgb: "255,255,255";
  --warn-A100-contrast: rgba(0, 0, 0, 0.87);
  --warn-A100-contrast--rgb: "0,0,0";
  --warn-A200-contrast: white;
  --warn-A200-contrast--rgb: "255,255,255";
  --warn-A400-contrast: white;
  --warn-A400-contrast--rgb: "255,255,255";
  --warn-A700-contrast: white;
  --warn-A700-contrast--rgb: "255,255,255";
  --foreground-base: black;
  --foreground-base--rgb: "0,0,0";
  --foreground-divider: rgba(0, 0, 0, 0.12);
  --foreground-divider--rgb: "0,0,0";
  --foreground-dividers: rgba(0, 0, 0, 0.12);
  --foreground-dividers--rgb: "0,0,0";
  --foreground-disabled: rgba(0, 0, 0, 0.38);
  --foreground-disabled--rgb: "0,0,0";
  --foreground-disabled-button: rgba(0, 0, 0, 0.26);
  --foreground-disabled-button--rgb: "0,0,0";
  --foreground-disabled-text: rgba(0, 0, 0, 0.38);
  --foreground-disabled-text--rgb: "0,0,0";
  --foreground-elevation: black;
  --foreground-elevation--rgb: "0,0,0";
  --foreground-hint-text: rgba(0, 0, 0, 0.38);
  --foreground-hint-text--rgb: "0,0,0";
  --foreground-secondary-text: rgba(0, 0, 0, 0.54);
  --foreground-secondary-text--rgb: "0,0,0";
  --foreground-icon: rgba(0, 0, 0, 0.54);
  --foreground-icon--rgb: "0,0,0";
  --foreground-icons: rgba(0, 0, 0, 0.54);
  --foreground-icons--rgb: "0,0,0";
  --foreground-text: rgba(0, 0, 0, 0.87);
  --foreground-text--rgb: "0,0,0";
  --foreground-slider-min: rgba(0, 0, 0, 0.87);
  --foreground-slider-min--rgb: "0,0,0";
  --foreground-slider-off: rgba(0, 0, 0, 0.26);
  --foreground-slider-off--rgb: "0,0,0";
  --foreground-slider-off-active: rgba(0, 0, 0, 0.38);
  --foreground-slider-off-active--rgb: "0,0,0";
  --background-status-bar: #e0e0e0;
  --background-status-bar--rgb: "224,224,224";
  --background-app-bar: #f5f5f5;
  --background-app-bar--rgb: "245,245,245";
  --background-background: #fafafa;
  --background-background--rgb: "250,250,250";
  --background-hover: rgba(0, 0, 0, 0.04);
  --background-hover--rgb: "0,0,0";
  --background-card: white;
  --background-card--rgb: "255,255,255";
  --background-dialog: white;
  --background-dialog--rgb: "255,255,255";
  --background-disabled-button: rgba(0, 0, 0, 0.12);
  --background-disabled-button--rgb: "0,0,0";
  --background-raised-button: white;
  --background-raised-button--rgb: "255,255,255";
  --background-focused-button: rgba(0, 0, 0, 0.12);
  --background-focused-button--rgb: "0,0,0";
  --background-selected-button: #e0e0e0;
  --background-selected-button--rgb: "224,224,224";
  --background-selected-disabled-button: #bdbdbd;
  --background-selected-disabled-button--rgb: "189,189,189";
  --background-disabled-button-toggle: #eeeeee;
  --background-disabled-button-toggle--rgb: "238,238,238";
  --background-unselected-chip: #e0e0e0;
  --background-unselected-chip--rgb: "224,224,224";
  --background-disabled-list-option: #eeeeee;
  --background-disabled-list-option--rgb: "238,238,238";
  --background-tooltip: #616161;
  --background-tooltip--rgb: "97,97,97";
}

body {
  color: var(--foreground-base, black);
  color: #3f51b5;
}"
`;

exports[`can use bootstrap colors 1`] = `
":root {
  --color-primary: #0d6efd;
  --color-primary--rgb: "13,110,253";
  --color-secondary: #6c757d;
  --color-secondary--rgb: "108,117,125";
  --color-success: #198754;
  --color-success--rgb: "25,135,84";
  --color-info: #0dcaf0;
  --color-info--rgb: "13,202,240";
  --color-warning: #ffc107;
  --color-warning--rgb: "255,193,7";
  --color-danger: #dc3545;
  --color-danger--rgb: "220,53,69";
  --color-light: #f8f9fa;
  --color-light--rgb: "248,249,250";
  --color-dark: #212529;
  --color-dark--rgb: "33,37,41";
}

body {
  color: var(--color-primary, #0d6efd);
  color: #6c757d;
}"
`;

exports[`can use style dictionary map 1`] = `
":root {
  --color-base-gray-light: #cccccc;
  --color-base-gray-light--rgb: "204,204,204";
  --color-base-gray-medium: #999999;
  --color-base-gray-medium--rgb: "153,153,153";
  --color-base-gray-dark: #111111;
  --color-base-gray-dark--rgb: "17,17,17";
  --color-base-red: #ff0000;
  --color-base-red--rgb: "255,0,0";
  --color-base-green: #00ff00;
  --color-base-green--rgb: "0,255,0";
  --color-font-base: #ff0000;
  --color-font-base--rgb: "255,0,0";
  --color-font-secondary: #00ff00;
  --color-font-secondary--rgb: "0,255,0";
  --color-font-tertiary: #cccccc;
  --color-font-tertiary--rgb: "204,204,204";
  --size-font-small: 0.75rem;
  --size-font-medium: 1rem;
  --size-font-large: 2rem;
  --size-font-base: 1rem;
}

.test {
  color: #ff0000;
  color: var(--color-font-secondary, #00ff00);
  color: rgba(var(--color-base-green--rgb, 0,255,0), 0.2);
  color: rgba(255, 0, 0, 0.2);
  font-size: var(--size-font-base, 1rem);
  font-size: 2rem;
  font-size: calc(var(--size-font-small--em, 0.75) * 1rem);
  font-size: 1rem;
}"
`;
